// Jest Snapshot v1, https://goo.gl/fbAQLP

exports[`Component <ListCategory /> should must show component correctly 1`] = `
<Fragment>
  <p>
    Cargando...
  </p>
</Fragment>
`;

exports[`Component <ListCategory /> should show items when the useFetchGifs data is loaded 1`] = `
<Fragment>
  <GifItem
    id="123490"
    key="123490"
    title="Imagen de muestra"
    url="https://localhost:6000/image.jpg"
  />
</Fragment>
`;
